{
  "uuid":"GOVERNANCE_CONFIG_ID",
  "accountId":"kmpySmUISimoRrJL6NL73w",
  "deploymentFreeze":true,
  "timeRangeBasedFreezeConfigs":[
    {
      "freezeForAllApps":false,
      "appIds":[
        "aaOLwzRsTMOoSlDrjstIHQ",
        "BH5_gD_VRDaWcSCsnZKSug"
      ],
      "environmentTypes":[
        "PROD"
      ],
      "timeRange":{
        "from":1609372800000,
        "to":1609459200000,
        "timeZone":"Africa/Addis_Ababa",
        "label":null
      },
      "name":"freezer",
      "description":"Holiday production freeze",
      "applicable":true,
      "appSelections":[
        {
          "filterType":"CUSTOM",
          "envSelection":{
            "filterType":"CUSTOM",
            "environments":[
              "env1",
              "env2"
            ]
          },
          "apps":[
            "aaOLwzRsTMOoSlDrjstIHQ"
          ]
        },
        {
          "filterType":"ALL",
          "envSelection":{
            "filterType":"ALL_NON_PROD"
          }
        }
      ],
      "userGroups":[
        "aaOLwzRsTMOoSlDrjstIHQ",
        "BH5_gD_VRDaWcSCsnZKSug"
      ],
      "uuid":"FREEZE_ID",
      "nextIteration":0,
      "nextCloseIteration":0
    }
  ]
}